---
source: libshpool/src/tui/view.rs
expression: "render_to_string(&m, 70, 5)"
snapshot_kind: text
---
 shpool sessions (1)                                                  
  name  created  active                                               
 >main  10m      10m                                                  
                                                                      
kill session 'main'?   [y/N]
